// Jest Snapshot v1, https://goo.gl/fbAQLP

exports[`Header shallow render 1`] = `
<header>
  <h1>
    Expensify
  </h1>
  <NavLink
    activeClassName="is-active"
    aria-current="page"
    exact={true}
    to="/"
  >
    Dashboard
  </NavLink>
  <NavLink
    activeClassName="is-active"
    aria-current="page"
    to="/create"
  >
    Add expense
  </NavLink>
  <button
    onClick={[MockFunction]}
  >
    Logout 
  </button>
</header>
`;
